> 
> # Generated using wrapR file dune_lme4.wrapR.r
> source('get_RE.R', echo=TRUE)

> get_RE <- function(veg.long, phylo = pb.phylo, trait = pb.trait, 
+     trait.re = NULL, binary = FALSE, trans = NULL) {
+     veg.long$presence <-  .... [TRUNCATED] 

> get_phylo <- function(veg.long, phylo = pb.phylo, 
+     trait = pb.trait, trait.re = NULL, binary = FALSE, trans = NULL) {
+     veg.long$presence  .... [TRUNCATED] 
> source('hacked_code/0_pkg_func.R', echo=TRUE)

> options(stringsAsFactors = F)

> library(vegan)

> library(stringr)

> library(dplyr)

> library(brranching)

> library(tidyr)

> library(reshape2)

> library(ape)

> library(pez)

> library(lme4)

> library(phylolm)

> library(picante)

> phylo_pattern = function(veg.long, phylo, binary = FALSE, 
+     trans = NULL) {
+     if (!is.null(trans)) {
+         if (trans == "log") {
+      .... [TRUNCATED] 

> SigAIC <- function(mod, Penalty = qchisq(0.95, 1)) {
+     LL <- logLik(mod)
+     ll <- as.numeric(LL)
+     df <- attr(LL, "df")
+     as.numeric( .... [TRUNCATED] 

> Model_select_tier1R <- function(start.model, block, 
+     sig.aic = FALSE) {
+     Sigaic <- NA
+     M <- vector("list", length = length(block))
+ .... [TRUNCATED] 

> Model_select_tier2F <- function(start.model, block, 
+     sig.aic = FALSE) {
+     M = list()
+     for (j in 1:length(block)) {
+         M[[j]] < .... [TRUNCATED] 

> phylo_explained_by_multi_traits_re_sel = function(veg.long, 
+     phylo = pb.phylo, trait = pb.trait, trait.re = NULL, binary = FALSE, 
+     trans .... [TRUNCATED] 

> selection = function(veg, trait, phylo, binary = FALSE, 
+     added.traits = NULL, fixed.terms = NULL) {
+     if (!is.null(added.traits)) {
+      .... [TRUNCATED] 

> phylo_signal_slopes_envi = function(dat = NULL, veg.long = NULL, 
+     phylo, envi = NULL, binary = FALSE) {
+     if (is.null(dat)) {
+         ve .... [TRUNCATED] 

> trait_selection = function(veg.long, trait = pb.trait, 
+     binary = FALSE, trans = NULL) {
+     veg.long$presence <- as.numeric(veg.long$freq >  .... [TRUNCATED] 
> source('phyloglmm_setup.R', echo=TRUE)

> phylo.to.Z <- function(r) {
+     ntip <- length(r$tip.label)
+     Zid <- Matrix(0, ncol = length(r$edge.length), nrow = ntip)
+     nodes <- (ntip .... [TRUNCATED] 

> split_blkMat <- function(M, ind) {
+     res <- list()
+     if (length(ind) == 1) {
+         return(list(M))
+     }
+     for (i in 1:(length(ind .... [TRUNCATED] 

> modify_phylo_retrms <- function(rt, phylo, phylonm, 
+     phyloZ, nsp) {
+     n.edge <- nrow(phylo$edge)
+     phylo.pos <- c()
+     for (i in 1: .... [TRUNCATED] 

> phylo_lmm <- function(formula, data, phylo, phylonm, 
+     phyloZ, nsp = NULL, control) {
+     lmod <- lFormula(formula = formula, data = data, co .... [TRUNCATED] 

> phylo_glmm <- function(formula, data, phylo, phylonm, 
+     phyloZ, control, family) {
+     glmod <- glFormula(formula = formula, data = data, con .... [TRUNCATED] 
> source('dune_lme4.R', echo=TRUE)

> library(ape)

> library(Matrix)

> library(lme4)

> library(dplyr)

> dd <- data.frame(dat)

> print(dd %>% count(site))
# A tibble: 20 x 2
     site     n
   <fctr> <int>
 1      1    28
 2      2    28
 3      3    28
 4      4    28
 5      5    28
 6      6    28
 7      7    28
 8      8    28
 9      9    28
10     10    28
11     11    28
12     12    28
13     13    28
14     14    28
15     15    28
16     16    28
17     17    28
18     18    28
19     19    28
20     20    28

> phy <- get_phylo(veg.long = dune.veg2, trait = dune.traits2[c(1, 
+     2)], trait.re = c("log.sla"), phylo = dune.phylo2, trans = "log")

> phyZ <- phylo.to.Z(phy)

> phyZ <- phyZ[order(rownames(phyZ)), ]

> dat <- (dat %>% rowwise() %>% mutate(obs = sp))

> lme4time_1 <- system.time(lme4fit_1 <- phylo_lmm(Y ~ 
+     1 + log.sla + annual + (1 | obs) + (1 | sp) + (1 | sp:site) + 
+         (0 + log.sla |  .... [TRUNCATED] 

> print(summary(lme4fit_1))
Linear mixed model fit by REML ['lmerMod']

REML criterion at convergence: 1098.6

Scaled residuals: 
    Min      1Q  Median      3Q     Max 
-1.7479 -0.6209 -0.3168  0.7251  2.5874 

Random effects:
 Groups   Name        Variance  Std.Dev.
 sp.site  (Intercept) 1.299e-04 0.011397
 sp       (Intercept) 3.351e-05 0.005789
 obs      (Intercept) 5.149e-02 0.226924
 site     (Intercept) 0.000e+00 0.000000
 site.1   log.sla     1.519e-02 0.123238
 Residual             3.528e-01 0.593960
Number of obs: 560, groups:  sp:site, 560; sp, 28; obs, 28; site, 20

Fixed effects:
            Estimate Std. Error t value
(Intercept)  0.50358    0.07140   7.053
log.sla      0.17659    0.05948   2.969
annual      -0.35965    0.14476  -2.484

Correlation of Fixed Effects:
        (Intr) log.sl
log.sla  0.022       
annual  -0.293  0.039

> lme4time_2 <- system.time(lme4fit_2 <- phylo_lmm(Y ~ 
+     1 + log.sla + annual + (1 | obs) + (1 | sp) + (1 | sp:site) + 
+         (1 | site), dat .... [TRUNCATED] 

> REs <- get_RE(veg.long = dune.veg2, trait = dune.traits2[c(1, 
+     2)], trait.re = c("log.sla"), phylo = dune.phylo2, trans = "log")
[1] 28 28

> re.site <- REs[[1]]

> re.sp <- REs[[2]]

> re.sp.phy <- REs[[3]]

> re.nested.phy <- REs[[4]]

> re.sla = list(unname(unlist(dat["log.sla"])), site = dat$site, 
+     covar = diag(nsite))

> peztime_1 <- system.time(pezfit_1 <- communityPGLMM(formula = "Y ~ 1 + log.sla + annual", 
+     data = dat, family = "gaussian", sp = dat$sp, site  .... [TRUNCATED] 

> peztime_2 <- system.time(pezfit_2 <- communityPGLMM(formula = "Y ~ 1 + log.sla + annual", 
+     data = dat, family = "gaussian", sp = dat$sp, site  .... [TRUNCATED] 

> print(peztime_1)
   user  system elapsed 
181.808   1.444 185.678 

> print(summary(pezfit_1))
Linear mixed model fit by restricted maximum likelihood

Call:[1] "Y ~ 1 + log.sla + annual"

logLik    AIC    BIC 
-540.8 1099.5 1128.2 

Random effects:
              Variance Std.Dev
non-nested 1 0.0389491 0.19736
non-nested 2 0.0009848 0.03138
non-nested 3 0.0151148 0.12294
non-nested 4 0.0032930 0.05738
nested 1     0.0064901 0.08056
residual     0.3469330 0.58901

Fixed effects:
                Value Std.Error  Zscore    Pvalue    
(Intercept)  0.507966  0.069234  7.3370 2.185e-13 ***
log.sla      0.170250  0.057501  2.9608  0.003068 ** 
annual      -0.388516  0.138811 -2.7989  0.005128 ** 
---
Signif. codes:  0 ‘***’ 0.001 ‘**’ 0.01 ‘*’ 0.05 ‘.’ 0.1 ‘ ’ 1

NULL

> print(lme4time_1)
   user  system elapsed 
  1.428   0.004   1.476 

> print(summary(lme4fit_1))
Linear mixed model fit by REML ['lmerMod']

REML criterion at convergence: 1098.6

Scaled residuals: 
    Min      1Q  Median      3Q     Max 
-1.7479 -0.6209 -0.3168  0.7251  2.5874 

Random effects:
 Groups   Name        Variance  Std.Dev.
 sp.site  (Intercept) 1.299e-04 0.011397
 sp       (Intercept) 3.351e-05 0.005789
 obs      (Intercept) 5.149e-02 0.226924
 site     (Intercept) 0.000e+00 0.000000
 site.1   log.sla     1.519e-02 0.123238
 Residual             3.528e-01 0.593960
Number of obs: 560, groups:  sp:site, 560; sp, 28; obs, 28; site, 20

Fixed effects:
            Estimate Std. Error t value
(Intercept)  0.50358    0.07140   7.053
log.sla      0.17659    0.05948   2.969
annual      -0.35965    0.14476  -2.484

Correlation of Fixed Effects:
        (Intr) log.sl
log.sla  0.022       
annual  -0.293  0.039

> print(peztime_2)
   user  system elapsed 
 75.756   0.740  77.416 

> print(summary(pezfit_2))
Linear mixed model fit by restricted maximum likelihood

Call:[1] "Y ~ 1 + log.sla + annual"

logLik    AIC    BIC 
-543.5 1103.0 1128.5 

Random effects:
             Variance Std.Dev
non-nested 1 0.036549 0.19118
non-nested 2 0.001045 0.03233
non-nested 3 0.002843 0.05332
nested 1     0.008170 0.09039
residual     0.355468 0.59621

Fixed effects:
                Value Std.Error  Zscore    Pvalue    
(Intercept)  0.507301  0.070288  7.2175 5.296e-13 ***
log.sla      0.168101  0.050500  3.3288 0.0008723 ***
annual      -0.388521  0.138534 -2.8045 0.0050390 ** 
---
Signif. codes:  0 ‘***’ 0.001 ‘**’ 0.01 ‘*’ 0.05 ‘.’ 0.1 ‘ ’ 1

NULL

> print(lme4time_2)
   user  system elapsed 
  1.124   0.000   1.234 

> print(summary(lme4fit_2))
Linear mixed model fit by REML ['lmerMod']

REML criterion at convergence: 1105

Scaled residuals: 
    Min      1Q  Median      3Q     Max 
-1.6220 -0.6259 -0.3149  0.7641  2.8294 

Random effects:
 Groups   Name        Variance  Std.Dev.
 sp:site  (Intercept) 1.522e-04 0.012338
 sp       (Intercept) 3.239e-05 0.005691
 obs      (Intercept) 5.093e-02 0.225670
 site     (Intercept) 0.000e+00 0.000000
 Residual             3.641e-01 0.603430
Number of obs: 560, groups:  sp:site, 560; sp, 28; obs, 28; site, 20

Fixed effects:
            Estimate Std. Error t value
(Intercept)  0.50358    0.07140   7.053
log.sla      0.17659    0.05271   3.350
annual      -0.35965    0.14476  -2.484

Correlation of Fixed Effects:
        (Intr) log.sl
log.sla  0.025       
annual  -0.293  0.044
> # Wrapped output file dune_lme4.wrapR.rout
> 
